T8016177g.java:35:20: compiler.err.prob.found.req: (compiler.misc.possible.loss.of.precision: double, int)
1 error
