[box2d] Compiled OK
[code-load] Compiled OK
[crypto] Compiled OK
[deltablue] Compiled OK
[earley-boyer] Compiled OK
[gbemu] Compiled OK
[mandreel] Compiled OK
[navier-stokes] Compiled OK
[pdfjs] Compiled OK
[raytrace] Compiled OK
[regexp] Compiled OK
[richards] Compiled OK
[splay] Compiled OK
[typescript] Compiled OK
