colors[0]=red
colors[1]=purple
colors[2]=pink
red
purple
pink
capital of Sweden is Stockholm
capital of Hungary is Budapet
capital of Croatia is Zagreb
Stockholm
Budapet
Zagreb
