java.awt.Color[r=1,g=1,b=1]
java.awt.Color[r=255,g=255,b=255]
