{
    "type": "Program",
    "body": [
        {
            "type": "LabeledStatement",
            "label": {
                "type": "Identifier",
                "name": "label"
            },
            "body": {
                "type": "BlockStatement",
                "body": [
                    {
                        "type": "WhileStatement",
                        "test": {
                            "type": "Literal",
                            "value": true
                        },
                        "body": {
                            "type": "BlockStatement",
                            "body": [
                                {
                                    "type": "BreakStatement",
                                    "label": {
                                        "type": "Identifier",
                                        "name": "label"
                                    }
                                }
                            ]
                        }
                    }
                ]
            }
        }
    ]
}
