T6722234d.java:18:20: compiler.err.prob.found.req: (compiler.misc.inferred.do.not.conform.to.upper.bounds: compiler.misc.intersection.type: 1, T6722234d.A,Object)
- compiler.misc.where.description.intersection: compiler.misc.intersection.type: 1,{(compiler.misc.where.intersection: compiler.misc.intersection.type: 1, Object,I1,I2)}
1 error
