Neg07.java:17:27: compiler.err.cant.apply.diamond.1: (compiler.misc.diamond: Neg07.Foo), (compiler.misc.inferred.do.not.conform.to.upper.bounds: java.lang.String, java.lang.Number)
1 error
