T6315770.java:16:42: compiler.err.prob.found.req: (compiler.misc.incompatible.upper.bounds: T, java.lang.String,java.lang.Integer,java.lang.Runnable)
T6315770.java:17:40: compiler.err.prob.found.req: (compiler.misc.inferred.do.not.conform.to.upper.bounds: java.lang.String, java.lang.Integer,java.lang.Runnable)
2 errors
